[www.clicktorelease.com/code/codevember-2017/whirly-bonfire/index.html]
[backblue.gif]
[fade.gif]
[index.html]
[www.clicktorelease.com/cdn-cgi/apps/head/EQZCnk4gCeNwUQsZ03sLJaa105M.js]
[www.clicktorelease.com/code/codevember-2017/css/styles.css]
[www.clicktorelease.com/code/codevember-2017/whirly-bonfire/threejs.org]
[www.clicktorelease.com/code/codevember-2017/js/Common.js]
[www.clicktorelease.com/code/codevember-2017/js/three.min.js]
[www.clicktorelease.com/code/codevember-2017/js/OrbitControls.js]
[www.clicktorelease.com/code/codevember-2017/js/Maf.js]
[www.clicktorelease.com/code/codevember-2017/js/THREE.FBOHelper.js]
[www.clicktorelease.com/code/codevember-2017/js/THREE.PingPongTexture.js]
[www.clicktorelease.com/code/codevember-2017/js/THREE.ShaderTexture.js]
[www.clicktorelease.com/code/codevember-2017/whirly-bonfire/index.html]
[www.clicktorelease.com/code/codevember-2017/css/styles.css]
[www.clicktorelease.com/code/codevember-2017/whirly-bonfire/threejs.html]
[www.clicktorelease.com/code/codevember-2017/js/dat.gui.min.js]
